{"starting": "fresh-deps", "command": ["/tmp/rh-proportion-memory-20261010/lean-4.33.0-rc2-linux/bin/lean", "--deps", "-R", "/tmp/rh-proportion-memory-20261010/whole-native-20261010-r6/source", "/tmp/rh-proportion-memory-20261010/whole-native-20261010-r6/source/Solution/Candidate.lean"]}
/tmp/rh-proportion-memory-20261010/lean-4.33.0-rc2-linux/lib/lean/Init.olean
/tmp/rh-proportion-memory-20261010/lean-4.33.0-rc2-linux/lib/lean/Init.olean
/tmp/rh-proportion-memory-20261010/whole-native-20261010-r6/lib/ChallengeDeps.olean
/tmp/rh-proportion-memory-20261010/whole-native-20261010-r6/lib/ChallengeDeps/CandidateSpec.olean
/tmp/rh-proportion-memory-20261010/lean-4.33.0-rc2-linux/lib/lean/Lean.olean
/tmp/rh-proportion-memory-20261010/native-cache/.lake/packages/mathlib/.lake/build/lib/lean/Mathlib.olean
/tmp/rh-proportion-memory-20261010/native-cache/.lake/packages/mathlib/.lake/build/lib/lean/Mathlib/Analysis/Real/Pi/Bounds.olean
/tmp/rh-proportion-memory-20261010/native-cache/.lake/packages/mathlib/.lake/build/lib/lean/Mathlib/Analysis/SpecialFunctions/Integrals/Basic.olean
/tmp/rh-proportion-memory-20261010/native-cache/.lake/packages/mathlib/.lake/build/lib/lean/Mathlib/Analysis/SpecialFunctions/Pow/Real.olean
/tmp/rh-proportion-memory-20261010/native-cache/.lake/packages/mathlib/.lake/build/lib/lean/Mathlib/Analysis/SpecialFunctions/Trigonometric/Bounds.olean
/tmp/rh-proportion-memory-20261010/native-cache/.lake/packages/mathlib/.lake/build/lib/lean/Mathlib/Analysis/SpecialFunctions/Trigonometric/Sinc.olean
/tmp/rh-proportion-memory-20261010/native-cache/.lake/packages/mathlib/.lake/build/lib/lean/Mathlib/Tactic.olean
/tmp/rh-proportion-memory-20261010/native-cache/.lake/packages/Zeta23/.lake/build/lib/lean/Zeta23/FinalMult.olean
/tmp/rh-proportion-memory-20261010/native-cache/.lake/packages/Zeta23/.lake/build/lib/lean/Zeta23/PrimeSideA/EndsE1.olean
/tmp/rh-proportion-memory-20261010/native-cache/.lake/packages/Zeta23/.lake/build/lib/lean/Zeta23/Statement.olean
/tmp/rh-proportion-memory-20261010/native-cache/.lake/packages/Zeta23/.lake/build/lib/lean/Zeta23/Taper/Norms.olean
/tmp/rh-proportion-memory-20261010/native-cache/.lake/packages/Zeta23/.lake/build/lib/lean/Zeta23/ThmD/Concrete.olean
/tmp/rh-proportion-memory-20261010/native-cache/.lake/packages/Zeta23/.lake/build/lib/lean/Zeta23/ThmD/Limit.olean
/tmp/rh-proportion-memory-20261010/native-cache/.lake/packages/Zeta23/.lake/build/lib/lean/Zeta23/ThmD/Mult.olean
/tmp/rh-proportion-memory-20261010/native-cache/.lake/packages/Zeta23/.lake/build/lib/lean/Zeta23/ThmD/Window.olean
/tmp/rh-proportion-memory-20261010/native-cache/.lake/packages/Zeta23/.lake/build/lib/lean/Zeta23/ThmD/WindowCore.olean
/tmp/rh-proportion-memory-20261010/native-cache/.lake/packages/Zeta23/.lake/build/lib/lean/Zeta23/ThmD/ZeroSideD.olean
/tmp/rh-proportion-memory-20261010/native-cache/.lake/packages/Zeta23/.lake/build/lib/lean/Zeta23/XiPrime/QuarticWindow/ModWindow.olean
/tmp/rh-proportion-memory-20261010/native-cache/.lake/packages/Zeta23/.lake/build/lib/lean/Zeta23/ZeroSide/RankTraceMult.olean
{"label": "fresh-deps", "exit_code": 0, "seconds": 0.2}
