{
  "status": "SOURCE_REPRODUCTION_ONLY",
  "variant": "bounded8",
  "bytes": 1993809,
  "sha256": "f40d0cb3566d4e71a6bb624a4d4375ca3ade977d3850e14e134a8a850f4abd50",
  "fresh_numeric_dictionary": true,
  "generated_from_committed_public_inputs": true,
  "public_inputs_unchanged": true,
  "wrapper_sha256": "5b4ccbc42fe35c8fb20c807d1b4f684fb14d391b6046f4b2f77c0a5880167cff",
  "recipe_sha256": "e31ba79741921f96465883d8fee02a1c19544cf5b857a837c772257e491e17ef",
  "am_source_sha256": "de9440bc49f7d7780ad7a6210d51f8cd0813948315d41b1b49aa8e3a48f3d18e",
  "data_source_sha256": "4fae6f34eb5cc44efe31613f557bf8b37f20338fe044e8492457188fe8551aa7",
  "point_source_sha256": "f7d766f8e4b389a5bbb410df05bd718f4149fd3e5f8941bcf52ef0e0eb33b7ad",
  "gzip_review_components_used_as_inputs": false,
  "lean_executed": false,
  "whole_proof_checked": false,
  "nano_checked": false,
  "comparator_checked": false,
  "website_acceptance": false,
  "submitted": false
}
