{"starting": "Solution.Candidate", "command": ["/tmp/rh-proportion-memory-20261010/lean-4.33.0-rc2-linux/bin/lean", "-j4", "--tstack=32768", "-R", "/tmp/rh-proportion-memory-20261010/whole-native-20261010-r6/source", "-o", "/tmp/rh-proportion-memory-20261010/whole-native-20261010-r6/lib/Solution/Candidate.olean", "/tmp/rh-proportion-memory-20261010/whole-native-20261010-r6/source/Solution/Candidate.lean"]}
AM_BARRIER 137142
AM_BARRIER 137573
AM_BARRIER 138350
AM_BARRIER 138488
AM_BARRIER 138707
AM_BARRIER 138851
AM_BARRIER 140145
AM_BARRIER 140486
AM_BARRIER 141672
AM_BARRIER 141840
AM_BARRIER 142156
AM_BARRIER 142718
AM_BARRIER 143223
AM_BARRIER 143621
AM_BARRIER 145617
AM_BARRIER 146360
AM_BARRIER 146421
AM_BARRIER 148338
AM_BARRIER 148809
/tmp/rh-proportion-memory-20261010/whole-native-20261010-r6/source/Solution/Candidate.lean:2235:30: warning: `push_neg` has been deprecated. Prefer using `push Not` instead.
If you'd rather continue using `push_neg` in your project, you can implement it as follows:
```
open Lean.Parser.Tactic in
macro "push_neg" cfg:optConfig loc:(location)? : tactic =>
  `(tactic| push $cfg:optConfig Not $[$loc]?)
```
AM_BARRIER 148985
/tmp/rh-proportion-memory-20261010/whole-native-20261010-r6/source/Solution/Candidate.lean:2320:3: warning: `push_neg` has been deprecated. Prefer using `push Not` instead.
If you'd rather continue using `push_neg` in your project, you can implement it as follows:
```
open Lean.Parser.Tactic in
macro "push_neg" cfg:optConfig loc:(location)? : tactic =>
  `(tactic| push $cfg:optConfig Not $[$loc]?)
```
AM_BARRIER 149192
AM_BARRIER 149594
AM_BARRIER 149971
AM_BARRIER 151973
AM_BARRIER 152251
AM_BARRIER 153134
/tmp/rh-proportion-memory-20261010/whole-native-20261010-r6/source/Solution/Candidate.lean:3000:55: warning: `push_neg` has been deprecated. Prefer using `push Not` instead.
If you'd rather continue using `push_neg` in your project, you can implement it as follows:
```
open Lean.Parser.Tactic in
macro "push_neg" cfg:optConfig loc:(location)? : tactic =>
  `(tactic| push $cfg:optConfig Not $[$loc]?)
```
AM_BARRIER 153869
AM_BARRIER 157766
AM_BARRIER 158011
AM_BARRIER 158397
AM_BARRIER 159115
AM_BARRIER 160152
AM_BARRIER 160678
AM_BARRIER 160817
AM_BARRIER 160992
AM_BARRIER 161701
AM_BARRIER 165212
AM_BARRIER 166514
AM_BARRIER 167640
AM_BARRIER 169397
AM_BARRIER 173687
AM_BARRIER 181169
AM_BARRIER 181485
AM_BARRIER 183301
AM_BARRIER 183694
AM_BARRIER 183793
AM_BARRIER 184119
AM_BARRIER 186125
AM_BARRIER 186700
AM_BARRIER 186967
AM_BARRIER 187152
AM_BARRIER 187403
AM_BARRIER 189103
AM_BARRIER 189229
AM_BARRIER 189906
AM_BARRIER 194403
/tmp/rh-proportion-memory-20261010/whole-native-20261010-r6/source/Solution/Candidate.lean:6347:19: warning: `push_neg` has been deprecated. Prefer using `push Not` instead.
If you'd rather continue using `push_neg` in your project, you can implement it as follows:
```
open Lean.Parser.Tactic in
macro "push_neg" cfg:optConfig loc:(location)? : tactic =>
  `(tactic| push $cfg:optConfig Not $[$loc]?)
```
AM_BARRIER 201588
AM_BARRIER 202051
AM_BARRIER 202816
AM_BARRIER 203668
AM_BARRIER 204434
/tmp/rh-proportion-memory-20261010/whole-native-20261010-r6/source/Solution/Candidate.lean:6801:15: warning: `push_neg` has been deprecated. Prefer using `push Not` instead.
If you'd rather continue using `push_neg` in your project, you can implement it as follows:
```
open Lean.Parser.Tactic in
macro "push_neg" cfg:optConfig loc:(location)? : tactic =>
  `(tactic| push $cfg:optConfig Not $[$loc]?)
```
AM_BARRIER 212330
AM_BARRIER 212594
AM_BARRIER 212896
AM_BARRIER 213194
AM_BARRIER 213846
AM_BARRIER 214138
AM_BARRIER 220507
AM_BARRIER 220967
AM_BARRIER 221186
AM_BARRIER 221819
AM_BARRIER 221863
AM_BARRIER 222254
/tmp/rh-proportion-memory-20261010/whole-native-20261010-r6/source/Solution/Candidate.lean:7916:5: warning: `push_neg` has been deprecated. Prefer using `push Not` instead.
If you'd rather continue using `push_neg` in your project, you can implement it as follows:
```
open Lean.Parser.Tactic in
macro "push_neg" cfg:optConfig loc:(location)? : tactic =>
  `(tactic| push $cfg:optConfig Not $[$loc]?)
```
AM_BARRIER 223345
AM_BARRIER 223461
AM_BARRIER 223822
/tmp/rh-proportion-memory-20261010/whole-native-20261010-r6/source/Solution/Candidate.lean:8400:5: warning: `push_neg` has been deprecated. Prefer using `push Not` instead.
If you'd rather continue using `push_neg` in your project, you can implement it as follows:
```
open Lean.Parser.Tactic iKernel-checked integer representative 0/1224
Kernel-checked integer representative 64/1224
Kernel-checked integer representative 128/1224
Kernel-checked integer representative 192/1224
Kernel-checked integer representative 256/1224
Kernel-checked integer representative 320/1224
Kernel-checked integer representative 384/1224
Kernel-checked integer representative 448/1224
Kernel-checked integer representative 512/1224
Kernel-checked integer representative 576/1224
Kernel-checked integer representative 640/1224
Kernel-checked integer representative 704/1224
Kernel-checked integer representative 768/1224
Kernel-checked integer representative 832/1224
Kernel-checked integer representative 896/1224
Kernel-checked integer representative 960/1224
Kernel-checked integer representative 1024/1224
Kernel-checked integer representative 1088/1224
Kernel-checked integer representative 1152/1224
Kernel-checked integer representative 1216/1224
Kernel-checked all 1224 integer representatives
n
macro "push_neg" cfg:optConfig loc:(location)? : tactic =>
  `(tactic| push $cfg:optConfig Not $[$loc]?)
```
AM_BARRIER 224762
AM_BARRIER 225333
AM_BARRIER 226043
AM_BARRIER 226865
AM_BARRIER 226979
AM_BARRIER 229105
AM_BARRIER 230116
AM_BARRIER 230401
AM_BARRIER 230738
/tmp/rh-proportion-memory-20261010/whole-native-20261010-r6/source/Solution/Candidate.lean:9365:1: warning: `push_neg` has been deprecated. Prefer using `push Not` instead.
If you'd rather continue using `push_neg` in your project, you can implement it as follows:
```
open Lean.Parser.Tactic in
macro "push_neg" cfg:optConfig loc:(location)? : tactic =>
  `(tactic| push $cfg:optConfig Not $[$loc]?)
```
/tmp/rh-proportion-memory-20261010/whole-native-20261010-r6/source/Solution/Candidate.lean:9382:3: warning: `push_neg` has been deprecated. Prefer using `push Not` instead.
If you'd rather continue using `push_neg` in your project, you can implement it as follows:
```
open Lean.Parser.Tactic in
macro "push_neg" cfg:optConfig loc:(location)? : tactic =>
  `(tactic| push $cfg:optConfig Not $[$loc]?)
```
AM_BARRIER 231429
AM_BARRIER 232550
AM_BARRIER 232641
AM_BARRIER 238043
AM_BARRIER 238247
AM_BARRIER 238454
AM_BARRIER 241559
AM_BARRIER 245877
AM_BARRIER 249278
AM_BARRIER 252949
AM_BARRIER 256070
AM_BARRIER 263671
AM_BARRIER 270372
AM_BARRIER 276206
AM_BARRIER 285498
AM_BARRIER 286372
AM_BARRIER 287021
AM_BARRIER 288757
AM_BARRIER 289115
AM_BARRIER 290781
AM_BARRIER 291847
AM_BARRIER 292727
AM_BARRIER 294267
AM_BARRIER 294744
AM_BARRIER 296094
AM_BARRIER 296571
AM_BARRIER 297766
AM_BARRIER 298323
AM_BARRIER 299346
AM_BARRIER 300296
AM_BARRIER 300750
AM_BARRIER 301677
AM_BARRIER 302035
AM_BARRIER 302564
AM_BARRIER 302986
AM_BARRIER 303207
AM_BARRIER 303508
AM_BARRIER 303659
AM_BARRIER 303821
AM_BARRIER 303860
AM_BARRIER 303883
AM_BARRIER 303905
AM_BARRIER 303927
AM_BARRIER 303950
AM_BARRIER 303971
AM_BARRIER 303994
AM_BARRIER 304018
AM_BARRIER 304040
AM_BARRIER 304065
AM_BARRIER 304084
AM_BARRIER 304104
AM_BARRIER 304126
AM_BARRIER 304148
AM_BARRIER 304169
AM_BARRIER 304196
AM_BARRIER 304217
AM_BARRIER 304237
AM_BARRIER 304263
AM_BARRIER 304284
AM_BARRIER 304307
AM_BARRIER 304330
AM_BARRIER 304354
AM_BARRIER 304374
AM_BARRIER 311328
AM_BARRIER 336661
AM_BARRIER 363728
AM_BARRIER 385201
AM_BARRIER 418059
AM_BARRIER 437597
AM_BARRIER 451271
AM_BARRIER 482417
AM_BARRIER 503579
AM_BARRIER 526298
AM_BARRIER 542441
AM_BARRIER 556159
AM_BARRIER 556829
AM_BARRIER 556841
/tmp/rh-proportion-memory-20261010/whole-native-20261010-r6/source/Solution/Candidate.lean:18210:58: warning: Variable name `H` is not explicitly referenced.

Hint: The binding can be removed (if unused) or named `_` (if used implicitly). Alternatively, prefix the name with `_` to silence this warning:
  [apply] _H

Note: This linter can be disabled with `set_option linter.unusedVariables false`
/tmp/rh-proportion-memory-20261010/whole-native-20261010-r6/source/Solution/Candidate.lean:22962:2: warning: 'norm_num [Fin.succ, Fin.castSucc]' tactic does nothing

Note: This linter can be disabled with `set_option linter.unusedTactic false`
/tmp/rh-proportion-memory-20261010/whole-native-20261010-r6/source/Solution/Candidate.lean:23177:27: warning: This simp argument is unused:
  Nat.add_sub_cancel

Hint: Omit it from the simp argument list.
  [apply] simp only [gsum_range, Finset.sum_range_succ, Finset.sum_range_zero, zero_add, Nat.add_zero] at hd

Note: This linter can be disabled with `set_option linter.unusedSimpArgs false`
/tmp/rh-proportion-memory-20261010/whole-native-20261010-r6/source/Solution/Candidate.lean:23177:47: warning: This simp argument is unused:
  Finset.sum_range_succ

Hint: Omit it from the simp argument list.
  [apply] simp only [gsum_range, Nat.add_sub_cancel, Finset.sum_range_zero, zero_add, Nat.add_zero] at hd

Note: This linter can be disabled with `set_option linter.unusedSimpArgs false`
/tmp/rh-proportion-memory-20261010/whole-native-20261010-r6/source/Solution/Candidate.lean:23178:6: warning: This simp argument is unused:
  Finset.sum_range_zero

Hint: Omit it from the simp argument list.
  [apply] simp only [gsum_range, Nat.add_sub_cancel, Finset.sum_range_succ, zero_add, Nat.add_zero] at hd

Note: This linter can be disabled with `set_option linter.unusedSimpArgs false`
/tmp/rh-proportion-memory-20261010/whole-native-20261010-r6/source/Solution/Candidate.lean:23178:29: warning: This simp argument is unused:
  zero_add

Hint: Omit it from the simp argument list.
  [apply] simp only [gsum_range, Nat.add_sub_cancel, Finset.sum_range_succ, Finset.sum_range_zero, Nat.add_zero] at hd

Note: This linter can be disabled with `set_option linter.unusedSimpArgs false`
/tmp/rh-proportion-memory-20261010/whole-native-20261010-r6/source/Solution/Candidate.lean:23178:39: warning: This simp argument is unused:
  Nat.add_zero

Hint: Omit it from the simp argument list.
  [apply] simp only [gsum_range, Nat.add_sub_cancel, Finset.sum_range_succ, Finset.sum_range_zero, zero_add] at hd

Note: This linter can be disabled with `set_option linter.unusedSimpArgs false`
/tmp/rh-proportion-memory-20261010/whole-native-20261010-r6/source/Solution/Candidate.lean:23231:26: warning: This simp argument is unused:
  Nat.add_sub_cancel

Hint: Omit it from the simp argument list.
  [apply] simp only [gsum_range, Finset.sum_range_succ, Finset.sum_range_zero, zero_add, Nat.add_zero] at hd

Note: This linter can be disabled with `set_option linter.unusedSimpArgs false`
/tmp/rh-proportion-memory-20261010/whole-native-20261010-r6/source/Solution/Candidate.lean:23231:45: warning: This simp argument is unused:
  Finset.sum_range_succ

Hint: Omit it from the simp argument list.
  [apply] simp only [gsum_range, Nat.add_sub_cancel, Finset.sum_range_zero, zero_add, Nat.add_zero] at hd

Note: This linter can be disabled with `set_option linter.unusedSimpArgs false`
/tmp/rh-proportion-memory-20261010/whole-native-20261010-r6/source/Solution/Candidate.lean:23232:6: warning: This simp argument is unused:
  Finset.sum_range_zero

Hint: Omit it from the simp argument list.
  [apply] simp only [gsum_range, Nat.add_sub_cancel, Finset.sum_range_succ, zero_add, Nat.add_zero] at hd

Note: This linter can be disabled with `set_option linter.unusedSimpArgs false`
/tmp/rh-proportion-memory-20261010/whole-native-20261010-r6/source/Solution/Candidate.lean:23232:28: warning: This simp argument is unused:
  zero_add

Hint: Omit it from the simp argument list.
  [apply] simp only [gsum_range, Nat.add_sub_cancel, Finset.sum_range_succ, Finset.sum_range_zero, Nat.add_zero] at hd

Note: This linter can be disabled with `set_option linter.unusedSimpArgs false`
/tmp/rh-proportion-memory-20261010/whole-native-20261010-r6/source/Solution/Candidate.lean:23232:37: warning: This simp argument is unused:
  Nat.add_zero

Hint: Omit it from the simp argument list.
  [apply] simp only [gsum_range, Nat.add_sub_cancel, Finset.sum_range_succ, Finset.sum_range_zero, zero_add] at hd

Note: This linter can be disabled with `set_option linter.unusedSimpArgs false`
/tmp/rh-proportion-memory-20261010/whole-native-20261010-r6/source/Solution/Candidate.lean:23324:55: warning: This simp argument is unused:
  List.length_range

Hint: Omit it from the simp argument list.
  [apply] simp only [lowCell, reflectedCell, List.length_map] at hi hj

Note: This linter can be disabled with `set_option linter.unusedSimpArgs false`
/tmp/rh-proportion-memory-20261010/whole-native-20261010-r6/source/Solution/Candidate.lean:23331:55: warning: This simp argument is unused:
  List.length_range

Hint: Omit it from the simp argument list.
  [apply] simp only [lowCell, reflectedCell, List.length_map] at hi hj

Note: This linter can be disabled with `set_option linter.unusedSimpArgs false`
/tmp/rh-proportion-memory-20261010/whole-native-20261010-r6/source/Solution/Candidate.lean:23349:40: warning: Variable name `L02` is not explicitly referenced.

Hint: The binding can be removed (if unused) or named `_` (if used implicitly). Alternatively, prefix the name with `_` to silence this warning:
  [apply] _L02

Note: This linter can be disabled with `set_option linter.unusedVariables false`
/tmp/rh-proportion-memory-20261010/whole-native-20261010-r6/source/Solution/Candidate.lean:23349:86: warning: Variable name `U02` is not explicitly referenced.

Hint: The binding can be removed (if unused) or named `_` (if used implicitly). Alternatively, prefix the name with `_` to silence this warning:
  [apply] _U02

Note: This linter can be disabled with `set_option linter.unusedVariables false`
/tmp/rh-proportion-memory-20261010/whole-native-20261010-r6/source/Solution/Candidate.lean:23369:40: warning: Variable name `L57` is not explicitly referenced.

Hint: The binding can be removed (if unused) or named `_` (if used implicitly). Alternatively, prefix the name with `_` to silence this warning:
  [apply] _L57

Note: This linter can be disabled with `set_option linter.unusedVariables false`
/tmp/rh-proportion-memory-20261010/whole-native-20261010-r6/source/Solution/Candidate.lean:23369:86: warning: Variable name `U57` is not explicitly referenced.

Hint: The binding can be removed (if unused) or named `_` (if used implicitly). Alternatively, prefix the name with `_` to silence this warning:
  [apply] _U57

Note: This linter can be disabled with `set_option linter.unusedVariables false`
/tmp/rh-proportion-memory-20261010/whole-native-20261010-r6/source/Solution/Candidate.lean:23528:1: warning: `push_neg` has been deprecated. Prefer using `push Not` instead.
If you'd rather continue using `push_neg` in your project, you can implement it as follows:
```
open Lean.Parser.Tactic in
macro "push_neg" cfg:optConfig loc:(location)? : tactic =>
  `(tactic| push $cfg:optConfig Not $[$loc]?)
```
/tmp/rh-proportion-memory-20261010/whole-native-20261010-r6/source/Solution/Candidate.lean:23545:3: warning: `push_neg` has been deprecated. Prefer using `push Not` instead.
If you'd rather continue using `push_neg` in your project, you can implement it as follows:
```
open Lean.Parser.Tactic in
macro "push_neg" cfg:optConfig loc:(location)? : tactic =>
  `(tactic| push $cfg:optConfig Not $[$loc]?)
```
{"label": "Solution.Candidate", "exit_code": 0, "seconds": 2993.015}
