{"starting": "Solution.Candidate", "command": ["/tmp/rh-proportion-memory-20261010/lean-4.33.0-rc2-linux/bin/lean", "-j4", "--tstack=32768", "-R", "/tmp/rh-proportion-memory-20261010/whole-native-20261010-r5/source", "-o", "/tmp/rh-proportion-memory-20261010/whole-native-20261010-r5/lib/Solution/Candidate.olean", "/tmp/rh-proportion-memory-20261010/whole-native-20261010-r5/source/Solution/Candidate.lean"]}
AM_BARRIER 811700
AM_BARRIER 812149
AM_BARRIER 812924
AM_BARRIER 813074
AM_BARRIER 813298
AM_BARRIER 813438
AM_BARRIER 814704
AM_BARRIER 815035
AM_BARRIER 816236
AM_BARRIER 816397
AM_BARRIER 816700
AM_BARRIER 817248
AM_BARRIER 817748
AM_BARRIER 818157
AM_BARRIER 820188
AM_BARRIER 821128
AM_BARRIER 821191
AM_BARRIER 823110
AM_BARRIER 823571
/tmp/rh-proportion-memory-20261010/whole-native-20261010-r5/source/Solution/Candidate.lean:2234:30: warning: `push_neg` has been deprecated. Prefer using `push Not` instead.
If you'd rather continue using `push_neg` in your project, you can implement it as follows:
```
open Lean.Parser.Tactic in
macro "push_neg" cfg:optConfig loc:(location)? : tactic =>
  `(tactic| push $cfg:optConfig Not $[$loc]?)
```
AM_BARRIER 823742
/tmp/rh-proportion-memory-20261010/whole-native-20261010-r5/source/Solution/Candidate.lean:2319:3: warning: `push_neg` has been deprecated. Prefer using `push Not` instead.
If you'd rather continue using `push_neg` in your project, you can implement it as follows:
```
open Lean.Parser.Tactic in
macro "push_neg" cfg:optConfig loc:(location)? : tactic =>
  `(tactic| push $cfg:optConfig Not $[$loc]?)
```
AM_BARRIER 823953
AM_BARRIER 824354
AM_BARRIER 824736
AM_BARRIER 826792
AM_BARRIER 827076
AM_BARRIER 827923
/tmp/rh-proportion-memory-20261010/whole-native-20261010-r5/source/Solution/Candidate.lean:2999:55: warning: `push_neg` has been deprecated. Prefer using `push Not` instead.
If you'd rather continue using `push_neg` in your project, you can implement it as follows:
```
open Lean.Parser.Tactic in
macro "push_neg" cfg:optConfig loc:(location)? : tactic =>
  `(tactic| push $cfg:optConfig Not $[$loc]?)
```
AM_BARRIER 828690
AM_BARRIER 832778
AM_BARRIER 833045
AM_BARRIER 833465
AM_BARRIER 834237
AM_BARRIER 835393
AM_BARRIER 835950
AM_BARRIER 836092
AM_BARRIER 836276
AM_BARRIER 836986
AM_BARRIER 840496
AM_BARRIER 841825
AM_BARRIER 842976
AM_BARRIER 844754
AM_BARRIER 849023
AM_BARRIER 856393
AM_BARRIER 856722
AM_BARRIER 858490
AM_BARRIER 858857
AM_BARRIER 858957
AM_BARRIER 859294
AM_BARRIER 861222
AM_BARRIER 861818
AM_BARRIER 862076
AM_BARRIER 862270
AM_BARRIER 862527
AM_BARRIER 864223
AM_BARRIER 864339
AM_BARRIER 865053
AM_BARRIER 869808
/tmp/rh-proportion-memory-20261010/whole-native-20261010-r5/source/Solution/Candidate.lean:6346:19: warning: `push_neg` has been deprecated. Prefer using `push Not` instead.
If you'd rather continue using `push_neg` in your project, you can implement it as follows:
```
open Lean.Parser.Tactic in
macro "push_neg" cfg:optConfig loc:(location)? : tactic =>
  `(tactic| push $cfg:optConfig Not $[$loc]?)
```
AM_BARRIER 877252
AM_BARRIER 877729
AM_BARRIER 878488
AM_BARRIER 879314
AM_BARRIER 880060
/tmp/rh-proportion-memory-20261010/whole-native-20261010-r5/source/Solution/Candidate.lean:6800:15: warning: `push_neg` has been deprecated. Prefer using `push Not` instead.
If you'd rather continue using `push_neg` in your project, you can implement it as follows:
```
open Lean.Parser.Tactic in
macro "push_neg" cfg:optConfig loc:(location)? : tactic =>
  `(tactic| push $cfg:optConfig Not $[$loc]?)
```
AM_BARRIER 887652
AM_BARRIER 887925
AM_BARRIER 888220
AM_BARRIER 888511
AM_BARRIER 889205
AM_BARRIER 889470
AM_BARRIER 896065
AM_BARRIER 896545
AM_BARRIER 896769
AM_BARRIER 897395
AM_BARRIER 897436
AM_BARRIER 897856
/tmp/rh-proportion-memory-20261010/whole-native-20261010-r5/source/Solution/Candidate.lean:7915:5: warning: `push_neg` has been deprecated. Prefer using `push Not` instead.
If you'd rather continue using `push_neg` in your project, you can implement it as follows:
```
open Lean.Parser.Tactic in
macro "push_neg" cfg:optConfig loc:(location)? : tactic =>
  `(tactic| push $cfg:optConfig Not $[$loc]?)
```
AM_BARRIER 898906
AM_BARRIER 899027
AM_BARRIER 899392
/tmp/rh-proportion-memory-20261010/whole-native-20261010-r5/source/Solution/Candidate.lean:8399:5: warning: `push_neg` has been deprecated. Prefer using `push Not` instead.
If you'd rather continue using `push_neg` in your project, you can implement it as follows:
```
open Lean.Parser.Tactic iKernel-checked integer representative 0/1224
Kernel-checked integer representative 64/1224
Kernel-checked integer representative 128/1224
Kernel-checked integer representative 192/1224
Kernel-checked integer representative 256/1224
Kernel-checked integer representative 320/1224
Kernel-checked integer representative 384/1224
Kernel-checked integer representative 448/1224
Kernel-checked integer representative 512/1224
Kernel-checked integer representative 576/1224
Kernel-checked integer representative 640/1224
Kernel-checked integer representative 704/1224
Kernel-checked integer representative 768/1224
Kernel-checked integer representative 832/1224
Kernel-checked integer representative 896/1224
Kernel-checked integer representative 960/1224
Kernel-checked integer representative 1024/1224
Kernel-checked integer representative 1088/1224
Kernel-checked integer representative 1152/1224
Kernel-checked integer representative 1216/1224
Kernel-checked all 1224 integer representatives
n
macro "push_neg" cfg:optConfig loc:(location)? : tactic =>
  `(tactic| push $cfg:optConfig Not $[$loc]?)
```
AM_BARRIER 900345
AM_BARRIER 900922
AM_BARRIER 901667
AM_BARRIER 902466
AM_BARRIER 902585
AM_BARRIER 904726
AM_BARRIER 905733
AM_BARRIER 906028
AM_BARRIER 906373
/tmp/rh-proportion-memory-20261010/whole-native-20261010-r5/source/Solution/Candidate.lean:9364:1: warning: `push_neg` has been deprecated. Prefer using `push Not` instead.
If you'd rather continue using `push_neg` in your project, you can implement it as follows:
```
open Lean.Parser.Tactic in
macro "push_neg" cfg:optConfig loc:(location)? : tactic =>
  `(tactic| push $cfg:optConfig Not $[$loc]?)
```
/tmp/rh-proportion-memory-20261010/whole-native-20261010-r5/source/Solution/Candidate.lean:9381:3: warning: `push_neg` has been deprecated. Prefer using `push Not` instead.
If you'd rather continue using `push_neg` in your project, you can implement it as follows:
```
open Lean.Parser.Tactic in
macro "push_neg" cfg:optConfig loc:(location)? : tactic =>
  `(tactic| push $cfg:optConfig Not $[$loc]?)
```
AM_BARRIER 907071
AM_BARRIER 908432
AM_BARRIER 908526
AM_BARRIER 914273
AM_BARRIER 914539
AM_BARRIER 914754
AM_BARRIER 917794
AM_BARRIER 922222
AM_BARRIER 925700
AM_BARRIER 929371
AM_BARRIER 932587
AM_BARRIER 940227
AM_BARRIER 947286
AM_BARRIER 953540
AM_BARRIER 962845
AM_BARRIER 963697
AM_BARRIER 964324
AM_BARRIER 966103
AM_BARRIER 966466
AM_BARRIER 968092
AM_BARRIER 969142
AM_BARRIER 970078
AM_BARRIER 971769
AM_BARRIER 972225
AM_BARRIER 973628
AM_BARRIER 974135
AM_BARRIER 975295
AM_BARRIER 975893
AM_BARRIER 977001
AM_BARRIER 978070
AM_BARRIER 978581
AM_BARRIER 979494
AM_BARRIER 979862
AM_BARRIER 980435
AM_BARRIER 980877
AM_BARRIER 981117
AM_BARRIER 981430
AM_BARRIER 981595
AM_BARRIER 981783
AM_BARRIER 981823
AM_BARRIER 981858
AM_BARRIER 981885
AM_BARRIER 981926
AM_BARRIER 981963
AM_BARRIER 981990
AM_BARRIER 982015
AM_BARRIER 982043
AM_BARRIER 982076
AM_BARRIER 982107
AM_BARRIER 982127
AM_BARRIER 982155
AM_BARRIER 982184
AM_BARRIER 982205
AM_BARRIER 982227
AM_BARRIER 982251
AM_BARRIER 982273
AM_BARRIER 982293
AM_BARRIER 982317
AM_BARRIER 982339
AM_BARRIER 982361
AM_BARRIER 982384
AM_BARRIER 982407
AM_BARRIER 982426
AM_BARRIER 989668
AM_BARRIER 1015038
AM_BARRIER 1043203
AM_BARRIER 1065833
AM_BARRIER 1099613
AM_BARRIER 1119939
AM_BARRIER 1134260
AM_BARRIER 1165359
AM_BARRIER 1188377
AM_BARRIER 1212666
AM_BARRIER 1229143
AM_BARRIER 1243789
AM_BARRIER 1244573
AM_BARRIER 1244593
/tmp/rh-proportion-memory-20261010/whole-native-20261010-r5/source/Solution/Candidate.lean:18209:58: warning: Variable name `H` is not explicitly referenced.

Hint: The binding can be removed (if unused) or named `_` (if used implicitly). Alternatively, prefix the name with `_` to silence this warning:
  [apply] _H

Note: This linter can be disabled with `set_option linter.unusedVariables false`
/tmp/rh-proportion-memory-20261010/whole-native-20261010-r5/source/Solution/Candidate.lean:22961:2: warning: 'norm_num [Fin.succ, Fin.castSucc]' tactic does nothing

Note: This linter can be disabled with `set_option linter.unusedTactic false`
/tmp/rh-proportion-memory-20261010/whole-native-20261010-r5/source/Solution/Candidate.lean:23176:27: warning: This simp argument is unused:
  Nat.add_sub_cancel

Hint: Omit it from the simp argument list.
  [apply] simp only [gsum_range, Finset.sum_range_succ, Finset.sum_range_zero, zero_add, Nat.add_zero] at hd

Note: This linter can be disabled with `set_option linter.unusedSimpArgs false`
/tmp/rh-proportion-memory-20261010/whole-native-20261010-r5/source/Solution/Candidate.lean:23176:47: warning: This simp argument is unused:
  Finset.sum_range_succ

Hint: Omit it from the simp argument list.
  [apply] simp only [gsum_range, Nat.add_sub_cancel, Finset.sum_range_zero, zero_add, Nat.add_zero] at hd

Note: This linter can be disabled with `set_option linter.unusedSimpArgs false`
/tmp/rh-proportion-memory-20261010/whole-native-20261010-r5/source/Solution/Candidate.lean:23177:6: warning: This simp argument is unused:
  Finset.sum_range_zero

Hint: Omit it from the simp argument list.
  [apply] simp only [gsum_range, Nat.add_sub_cancel, Finset.sum_range_succ, zero_add, Nat.add_zero] at hd

Note: This linter can be disabled with `set_option linter.unusedSimpArgs false`
/tmp/rh-proportion-memory-20261010/whole-native-20261010-r5/source/Solution/Candidate.lean:23177:29: warning: This simp argument is unused:
  zero_add

Hint: Omit it from the simp argument list.
  [apply] simp only [gsum_range, Nat.add_sub_cancel, Finset.sum_range_succ, Finset.sum_range_zero, Nat.add_zero] at hd

Note: This linter can be disabled with `set_option linter.unusedSimpArgs false`
/tmp/rh-proportion-memory-20261010/whole-native-20261010-r5/source/Solution/Candidate.lean:23177:39: warning: This simp argument is unused:
  Nat.add_zero

Hint: Omit it from the simp argument list.
  [apply] simp only [gsum_range, Nat.add_sub_cancel, Finset.sum_range_succ, Finset.sum_range_zero, zero_add] at hd

Note: This linter can be disabled with `set_option linter.unusedSimpArgs false`
/tmp/rh-proportion-memory-20261010/whole-native-20261010-r5/source/Solution/Candidate.lean:23230:26: warning: This simp argument is unused:
  Nat.add_sub_cancel

Hint: Omit it from the simp argument list.
  [apply] simp only [gsum_range, Finset.sum_range_succ, Finset.sum_range_zero, zero_add, Nat.add_zero] at hd

Note: This linter can be disabled with `set_option linter.unusedSimpArgs false`
/tmp/rh-proportion-memory-20261010/whole-native-20261010-r5/source/Solution/Candidate.lean:23230:45: warning: This simp argument is unused:
  Finset.sum_range_succ

Hint: Omit it from the simp argument list.
  [apply] simp only [gsum_range, Nat.add_sub_cancel, Finset.sum_range_zero, zero_add, Nat.add_zero] at hd

Note: This linter can be disabled with `set_option linter.unusedSimpArgs false`
/tmp/rh-proportion-memory-20261010/whole-native-20261010-r5/source/Solution/Candidate.lean:23231:6: warning: This simp argument is unused:
  Finset.sum_range_zero

Hint: Omit it from the simp argument list.
  [apply] simp only [gsum_range, Nat.add_sub_cancel, Finset.sum_range_succ, zero_add, Nat.add_zero] at hd

Note: This linter can be disabled with `set_option linter.unusedSimpArgs false`
/tmp/rh-proportion-memory-20261010/whole-native-20261010-r5/source/Solution/Candidate.lean:23231:28: warning: This simp argument is unused:
  zero_add

Hint: Omit it from the simp argument list.
  [apply] simp only [gsum_range, Nat.add_sub_cancel, Finset.sum_range_succ, Finset.sum_range_zero, Nat.add_zero] at hd

Note: This linter can be disabled with `set_option linter.unusedSimpArgs false`
/tmp/rh-proportion-memory-20261010/whole-native-20261010-r5/source/Solution/Candidate.lean:23231:37: warning: This simp argument is unused:
  Nat.add_zero

Hint: Omit it from the simp argument list.
  [apply] simp only [gsum_range, Nat.add_sub_cancel, Finset.sum_range_succ, Finset.sum_range_zero, zero_add] at hd

Note: This linter can be disabled with `set_option linter.unusedSimpArgs false`
/tmp/rh-proportion-memory-20261010/whole-native-20261010-r5/source/Solution/Candidate.lean:23323:55: warning: This simp argument is unused:
  List.length_range

Hint: Omit it from the simp argument list.
  [apply] simp only [lowCell, reflectedCell, List.length_map] at hi hj

Note: This linter can be disabled with `set_option linter.unusedSimpArgs false`
/tmp/rh-proportion-memory-20261010/whole-native-20261010-r5/source/Solution/Candidate.lean:23330:55: warning: This simp argument is unused:
  List.length_range

Hint: Omit it from the simp argument list.
  [apply] simp only [lowCell, reflectedCell, List.length_map] at hi hj

Note: This linter can be disabled with `set_option linter.unusedSimpArgs false`
/tmp/rh-proportion-memory-20261010/whole-native-20261010-r5/source/Solution/Candidate.lean:23348:40: warning: Variable name `L02` is not explicitly referenced.

Hint: The binding can be removed (if unused) or named `_` (if used implicitly). Alternatively, prefix the name with `_` to silence this warning:
  [apply] _L02

Note: This linter can be disabled with `set_option linter.unusedVariables false`
/tmp{"label": "Solution.Candidate", "exit_code": -15, "seconds": 2733.118}
